[0.001s][info][gc,heap] Heap region size: 1M
[0.002s][info][gc,heap,coops] Heap address: 0x0000000670000000, size: 6400 MB, Compressed Oops mode: Zero based, Oop shift amount: 3
[0.004s][info][gc           ] Using G1
[0.004s][info][gc,cds       ] Mark closed archive regions in map: [0x00000007fff00000, 0x00000007fff7eff8]
[0.004s][info][gc,cds       ] Mark open archive regions in map: [0x00000007ffe00000, 0x00000007ffe51ff8]
[0.014s][info][gc           ] Periodic GC disabled
[0.135s][info][gc,task      ] GC(0) Using 9 workers of 13 for full compaction
[0.136s][info][gc,start     ] GC(0) Pause Full (System.gc())
[0.136s][info][gc,phases,start] GC(0) Phase 1: Mark live objects
[0.136s][info][gc,phases      ] GC(0) Phase 1: Mark live objects 0.829ms
[0.136s][info][gc,phases,start] GC(0) Phase 2: Prepare for compaction
[0.137s][info][gc,phases      ] GC(0) Phase 2: Prepare for compaction 0.320ms
[0.137s][info][gc,phases,start] GC(0) Phase 3: Adjust pointers
[0.137s][info][gc,phases      ] GC(0) Phase 3: Adjust pointers 0.274ms
[0.137s][info][gc,phases,start] GC(0) Phase 4: Compact heap
[0.138s][info][gc,phases      ] GC(0) Phase 4: Compact heap 0.781ms
[0.139s][info][gc,heap        ] GC(0) Eden regions: 5->0(6)
[0.139s][info][gc,heap        ] GC(0) Survivor regions: 0->0(0)
[0.139s][info][gc,heap        ] GC(0) Old regions: 0->5
[0.139s][info][gc,heap        ] GC(0) Archive regions: 2->2
[0.139s][info][gc,heap        ] GC(0) Humongous regions: 0->0
[0.139s][info][gc,metaspace   ] GC(0) Metaspace: 1153K(5120K)->1153K(5120K) NonClass: 1071K(4608K)->1071K(4608K) Class: 81K(512K)->81K(512K)
[0.139s][info][gc             ] GC(0) Pause Full (System.gc()) 5M->3M(24M) 3.841ms
[0.139s][info][gc,cpu         ] GC(0) User=0.01s Sys=0.00s Real=0.01s
[0.235s][info][gc,start       ] GC(1) Pause Young (Normal) (G1 Evacuation Pause)
[0.235s][info][gc,task        ] GC(1) Using 5 workers of 13 for evacuation
[0.237s][info][gc,phases      ] GC(1)   Pre Evacuate Collection Set: 0.1ms
[0.237s][info][gc,phases      ] GC(1)   Merge Heap Roots: 0.1ms
[0.237s][info][gc,phases      ] GC(1)   Evacuate Collection Set: 0.9ms
[0.237s][info][gc,phases      ] GC(1)   Post Evacuate Collection Set: 0.4ms
[0.237s][info][gc,phases      ] GC(1)   Other: 0.1ms
[0.237s][info][gc,heap        ] GC(1) Eden regions: 6->0(8)
[0.237s][info][gc,heap        ] GC(1) Survivor regions: 0->1(1)
[0.237s][info][gc,heap        ] GC(1) Old regions: 5->5
[0.237s][info][gc,heap        ] GC(1) Archive regions: 2->2
[0.237s][info][gc,heap        ] GC(1) Humongous regions: 0->0
[0.237s][info][gc,metaspace   ] GC(1) Metaspace: 3667K(7040K)->3667K(7040K) NonClass: 3204K(6144K)->3204K(6144K) Class: 462K(896K)->462K(896K)
[0.237s][info][gc             ] GC(1) Pause Young (Normal) (G1 Evacuation Pause) 9M->3M(24M) 1.600ms
[0.237s][info][gc,cpu         ] GC(1) User=0.00s Sys=0.01s Real=0.01s
[0.354s][info][gc,start       ] GC(2) Pause Young (Normal) (G1 Evacuation Pause)
[0.354s][info][gc,task        ] GC(2) Using 3 workers of 13 for evacuation
[0.355s][info][gc,phases      ] GC(2)   Pre Evacuate Collection Set: 0.1ms
[0.355s][info][gc,phases      ] GC(2)   Merge Heap Roots: 0.0ms
[0.355s][info][gc,phases      ] GC(2)   Evacuate Collection Set: 0.9ms
[0.355s][info][gc,phases      ] GC(2)   Post Evacuate Collection Set: 0.3ms
[0.355s][info][gc,phases      ] GC(2)   Other: 0.1ms
[0.355s][info][gc,heap        ] GC(2) Eden regions: 8->0(8)
[0.355s][info][gc,heap        ] GC(2) Survivor regions: 1->2(2)
[0.355s][info][gc,heap        ] GC(2) Old regions: 5->5
[0.355s][info][gc,heap        ] GC(2) Archive regions: 2->2
[0.355s][info][gc,heap        ] GC(2) Humongous regions: 0->0
[0.355s][info][gc,metaspace   ] GC(2) Metaspace: 6775K(9088K)->6775K(9088K) NonClass: 5902K(7936K)->5902K(7936K) Class: 872K(1152K)->872K(1152K)
[0.355s][info][gc             ] GC(2) Pause Young (Normal) (G1 Evacuation Pause) 11M->4M(24M) 1.476ms
[0.355s][info][gc,cpu         ] GC(2) User=0.01s Sys=0.00s Real=0.00s
[0.486s][info][gc,start       ] GC(3) Pause Young (Normal) (G1 Evacuation Pause)
[0.486s][info][gc,task        ] GC(3) Using 2 workers of 13 for evacuation
[0.490s][info][gc,phases      ] GC(3)   Pre Evacuate Collection Set: 0.1ms
[0.490s][info][gc,phases      ] GC(3)   Merge Heap Roots: 0.1ms
[0.490s][info][gc,phases      ] GC(3)   Evacuate Collection Set: 2.6ms
[0.490s][info][gc,phases      ] GC(3)   Post Evacuate Collection Set: 0.3ms
[0.490s][info][gc,phases      ] GC(3)   Other: 0.1ms
[0.490s][info][gc,heap        ] GC(3) Eden regions: 8->0(8)
[0.490s][info][gc,heap        ] GC(3) Survivor regions: 2->2(2)
[0.490s][info][gc,heap        ] GC(3) Old regions: 5->6
[0.490s][info][gc,heap        ] GC(3) Archive regions: 2->2
[0.490s][info][gc,heap        ] GC(3) Humongous regions: 0->0
[0.490s][info][gc,metaspace   ] GC(3) Metaspace: 8186K(10240K)->8186K(10240K) NonClass: 7208K(8960K)->7208K(8960K) Class: 977K(1280K)->977K(1280K)
[0.490s][info][gc             ] GC(3) Pause Young (Normal) (G1 Evacuation Pause) 12M->5M(24M) 3.229ms
[0.490s][info][gc,cpu         ] GC(3) User=0.01s Sys=0.01s Real=0.00s
[0.540s][info][gc,start       ] GC(4) Pause Young (Normal) (G1 Evacuation Pause)
[0.540s][info][gc,task        ] GC(4) Using 2 workers of 13 for evacuation
[0.542s][info][gc,phases      ] GC(4)   Pre Evacuate Collection Set: 0.1ms
[0.542s][info][gc,phases      ] GC(4)   Merge Heap Roots: 0.1ms
[0.542s][info][gc,phases      ] GC(4)   Evacuate Collection Set: 2.3ms
[0.542s][info][gc,phases      ] GC(4)   Post Evacuate Collection Set: 0.3ms
[0.542s][info][gc,phases      ] GC(4)   Other: 0.1ms
[0.543s][info][gc,heap        ] GC(4) Eden regions: 8->0(7)
[0.543s][info][gc,heap        ] GC(4) Survivor regions: 2->2(2)
[0.543s][info][gc,heap        ] GC(4) Old regions: 6->7
[0.543s][info][gc,heap        ] GC(4) Archive regions: 2->2
[0.543s][info][gc,heap        ] GC(4) Humongous regions: 0->0
[0.543s][info][gc,metaspace   ] GC(4) Metaspace: 8248K(10240K)->8248K(10240K) NonClass: 7270K(8960K)->7270K(8960K) Class: 978K(1280K)->978K(1280K)
[0.543s][info][gc             ] GC(4) Pause Young (Normal) (G1 Evacuation Pause) 13M->6M(24M) 2.871ms
[0.543s][info][gc,cpu         ] GC(4) User=0.01s Sys=0.01s Real=0.00s
[0.584s][info][gc,start       ] GC(5) Pause Young (Normal) (G1 Evacuation Pause)
[0.584s][info][gc,task        ] GC(5) Using 2 workers of 13 for evacuation
[0.587s][info][gc,phases      ] GC(5)   Pre Evacuate Collection Set: 0.1ms
[0.587s][info][gc,phases      ] GC(5)   Merge Heap Roots: 0.1ms
[0.587s][info][gc,phases      ] GC(5)   Evacuate Collection Set: 2.1ms
[0.587s][info][gc,phases      ] GC(5)   Post Evacuate Collection Set: 0.8ms
[0.587s][info][gc,phases      ] GC(5)   Other: 0.1ms
[0.587s][info][gc,heap        ] GC(5) Eden regions: 7->0(125)
[0.587s][info][gc,heap        ] GC(5) Survivor regions: 2->2(2)
[0.587s][info][gc,heap        ] GC(5) Old regions: 7->8
[0.587s][info][gc,heap        ] GC(5) Archive regions: 2->2
[0.587s][info][gc,heap        ] GC(5) Humongous regions: 0->0
[0.587s][info][gc,metaspace   ] GC(5) Metaspace: 8281K(10240K)->8281K(10240K) NonClass: 7302K(8960K)->7302K(8960K) Class: 978K(1280K)->978K(1280K)
[0.587s][info][gc             ] GC(5) Pause Young (Normal) (G1 Evacuation Pause) 13M->7M(212M) 3.192ms
[0.587s][info][gc,cpu         ] GC(5) User=0.02s Sys=0.01s Real=0.01s
[1.244s][info][gc,heap,exit   ] Heap
[1.244s][info][gc,heap,exit   ]  garbage-first heap   total 217088K, used 95620K [0x0000000670000000, 0x0000000800000000)
[1.244s][info][gc,heap,exit   ]   region size 1024K, 89 young (91136K), 2 survivors (2048K)
[1.244s][info][gc,heap,exit   ]  Metaspace       used 11039K, capacity 12205K, committed 12416K, reserved 1060864K
[1.244s][info][gc,heap,exit   ]   class space    used 1172K, capacity 1346K, committed 1408K, reserved 1048576K
