[0.002s][info][gc,heap] Heap region size: 1M
[0.002s][info][gc,heap,coops] Heap address: 0x0000000670000000, size: 6400 MB, Compressed Oops mode: Zero based, Oop shift amount: 3
[0.004s][info][gc           ] Using G1
[0.004s][info][gc,cds       ] Mark closed archive regions in map: [0x00000007fff00000, 0x00000007fff7eff8]
[0.004s][info][gc,cds       ] Mark open archive regions in map: [0x00000007ffe00000, 0x00000007ffe51ff8]
[0.014s][info][gc           ] Periodic GC disabled
[0.760s][info][gc,start     ] GC(0) Pause Young (Normal) (G1 Evacuation Pause)
[0.760s][info][gc,task      ] GC(0) Using 9 workers of 13 for evacuation
[0.765s][info][gc,phases    ] GC(0)   Pre Evacuate Collection Set: 0.2ms
[0.765s][info][gc,phases    ] GC(0)   Merge Heap Roots: 0.1ms
[0.765s][info][gc,phases    ] GC(0)   Evacuate Collection Set: 3.1ms
[0.765s][info][gc,phases    ] GC(0)   Post Evacuate Collection Set: 0.6ms
[0.765s][info][gc,phases    ] GC(0)   Other: 0.8ms
[0.765s][info][gc,heap      ] GC(0) Eden regions: 23->0(35)
[0.765s][info][gc,heap      ] GC(0) Survivor regions: 0->3(3)
[0.765s][info][gc,heap      ] GC(0) Old regions: 0->1
[0.765s][info][gc,heap      ] GC(0) Archive regions: 2->2
[0.765s][info][gc,heap      ] GC(0) Humongous regions: 0->0
[0.765s][info][gc,metaspace ] GC(0) Metaspace: 5138K(7424K)->5138K(7424K) NonClass: 4648K(6656K)->4648K(6656K) Class: 490K(768K)->490K(768K)
[0.765s][info][gc           ] GC(0) Pause Young (Normal) (G1 Evacuation Pause) 23M->4M(402M) 4.923ms
[0.765s][info][gc,cpu       ] GC(0) User=0.03s Sys=0.00s Real=0.00s
[1.148s][info][gc,start     ] GC(1) Pause Young (Normal) (G1 Evacuation Pause)
[1.148s][info][gc,task      ] GC(1) Using 9 workers of 13 for evacuation
[1.152s][info][gc,phases    ] GC(1)   Pre Evacuate Collection Set: 0.2ms
[1.152s][info][gc,phases    ] GC(1)   Merge Heap Roots: 0.1ms
[1.152s][info][gc,phases    ] GC(1)   Evacuate Collection Set: 2.7ms
[1.152s][info][gc,phases    ] GC(1)   Post Evacuate Collection Set: 0.9ms
[1.152s][info][gc,phases    ] GC(1)   Other: 0.1ms
[1.152s][info][gc,heap      ] GC(1) Eden regions: 35->0(237)
[1.152s][info][gc,heap      ] GC(1) Survivor regions: 3->3(5)
[1.152s][info][gc,heap      ] GC(1) Old regions: 1->4
[1.152s][info][gc,heap      ] GC(1) Archive regions: 2->2
[1.152s][info][gc,heap      ] GC(1) Humongous regions: 0->0
[1.152s][info][gc,metaspace ] GC(1) Metaspace: 12331K(13056K)->12331K(13056K) NonClass: 10971K(11520K)->10971K(11520K) Class: 1360K(1536K)->1360K(1536K)
[1.152s][info][gc           ] GC(1) Pause Young (Normal) (G1 Evacuation Pause) 39M->6M(402M) 4.055ms
[1.152s][info][gc,cpu       ] GC(1) User=0.03s Sys=0.01s Real=0.00s
[1.450s][info][gc,start     ] GC(2) Pause Young (Concurrent Start) (Metadata GC Threshold)
[1.450s][info][gc,task      ] GC(2) Using 9 workers of 13 for evacuation
[1.456s][info][gc,phases    ] GC(2)   Pre Evacuate Collection Set: 0.2ms
[1.456s][info][gc,phases    ] GC(2)   Merge Heap Roots: 0.1ms
[1.456s][info][gc,phases    ] GC(2)   Evacuate Collection Set: 4.5ms
[1.456s][info][gc,phases    ] GC(2)   Post Evacuate Collection Set: 0.9ms
[1.456s][info][gc,phases    ] GC(2)   Other: 0.2ms
[1.456s][info][gc,heap      ] GC(2) Eden regions: 63->0(165)
[1.456s][info][gc,heap      ] GC(2) Survivor regions: 3->7(30)
[1.456s][info][gc,heap      ] GC(2) Old regions: 4->4
[1.456s][info][gc,heap      ] GC(2) Archive regions: 2->2
[1.456s][info][gc,heap      ] GC(2) Humongous regions: 0->0
[1.456s][info][gc,metaspace ] GC(2) Metaspace: 20137K(21296K)->20137K(21296K) NonClass: 17766K(18608K)->17766K(18608K) Class: 2370K(2688K)->2370K(2688K)
[1.456s][info][gc           ] GC(2) Pause Young (Concurrent Start) (Metadata GC Threshold) 68M->10M(402M) 5.979ms
[1.456s][info][gc,cpu       ] GC(2) User=0.03s Sys=0.02s Real=0.01s
[1.456s][info][gc           ] GC(3) Concurrent Cycle
[1.456s][info][gc,marking   ] GC(3) Concurrent Clear Claimed Marks
[1.456s][info][gc,marking   ] GC(3) Concurrent Clear Claimed Marks 0.051ms
[1.456s][info][gc,marking   ] GC(3) Concurrent Scan Root Regions
[1.458s][info][gc,marking   ] GC(3) Concurrent Scan Root Regions 1.581ms
[1.458s][info][gc,marking   ] GC(3) Concurrent Mark (1.458s)
[1.458s][info][gc,marking   ] GC(3) Concurrent Mark From Roots
[1.458s][info][gc,task      ] GC(3) Using 3 workers of 3 for marking
[1.460s][info][gc,marking   ] GC(3) Concurrent Mark From Roots 1.890ms
[1.460s][info][gc,marking   ] GC(3) Concurrent Preclean
[1.460s][info][gc,marking   ] GC(3) Concurrent Preclean 0.066ms
[1.460s][info][gc,marking   ] GC(3) Concurrent Mark (1.458s, 1.460s) 2.007ms
[1.460s][info][gc,start     ] GC(3) Pause Remark
[1.463s][info][gc           ] GC(3) Pause Remark 11M->11M(50M) 3.103ms
[1.463s][info][gc,cpu       ] GC(3) User=0.02s Sys=0.00s Real=0.00s
[1.463s][info][gc,marking   ] GC(3) Concurrent Rebuild Remembered Sets
[1.465s][info][gc,marking   ] GC(3) Concurrent Rebuild Remembered Sets 1.593ms
[1.466s][info][gc,start     ] GC(3) Pause Cleanup
[1.466s][info][gc           ] GC(3) Pause Cleanup 11M->11M(50M) 0.184ms
[1.466s][info][gc,cpu       ] GC(3) User=0.00s Sys=0.00s Real=0.00s
[1.466s][info][gc,marking   ] GC(3) Concurrent Cleanup for Next Mark
[1.466s][info][gc,marking   ] GC(3) Concurrent Cleanup for Next Mark 0.247ms
[1.466s][info][gc           ] GC(3) Concurrent Cycle 9.963ms
[1.570s][info][gc,start     ] GC(4) Pause Young (Normal) (GCLocker Initiated GC)
[1.570s][info][gc,task      ] GC(4) Using 7 workers of 13 for evacuation
[1.581s][info][gc,phases    ] GC(4)   Pre Evacuate Collection Set: 0.2ms
[1.581s][info][gc,phases    ] GC(4)   Merge Heap Roots: 0.1ms
[1.581s][info][gc,phases    ] GC(4)   Evacuate Collection Set: 10.4ms
[1.581s][info][gc,phases    ] GC(4)   Post Evacuate Collection Set: 0.8ms
[1.581s][info][gc,phases    ] GC(4)   Other: 0.1ms
[1.581s][info][gc,heap      ] GC(4) Eden regions: 23->0(24)
[1.581s][info][gc,heap      ] GC(4) Survivor regions: 7->2(4)
[1.581s][info][gc,heap      ] GC(4) Old regions: 4->10
[1.581s][info][gc,heap      ] GC(4) Archive regions: 2->2
[1.582s][info][gc,heap      ] GC(4) Humongous regions: 0->0
[1.582s][info][gc,metaspace ] GC(4) Metaspace: 22767K(24320K)->22767K(24320K) NonClass: 20102K(21248K)->20102K(21248K) Class: 2664K(3072K)->2664K(3072K)
[1.582s][info][gc           ] GC(4) Pause Young (Normal) (GCLocker Initiated GC) 33M->11M(50M) 11.651ms
[1.582s][info][gc,cpu       ] GC(4) User=0.00s Sys=0.08s Real=0.01s
[1.667s][info][gc,start     ] GC(5) Pause Young (Normal) (G1 Evacuation Pause)
[1.667s][info][gc,task      ] GC(5) Using 6 workers of 13 for evacuation
[1.670s][info][gc,phases    ] GC(5)   Pre Evacuate Collection Set: 0.1ms
[1.670s][info][gc,phases    ] GC(5)   Merge Heap Roots: 0.1ms
[1.670s][info][gc,phases    ] GC(5)   Evacuate Collection Set: 1.5ms
[1.670s][info][gc,phases    ] GC(5)   Post Evacuate Collection Set: 1.3ms
[1.670s][info][gc,phases    ] GC(5)   Other: 0.1ms
[1.670s][info][gc,heap      ] GC(5) Eden regions: 24->0(131)
[1.670s][info][gc,heap      ] GC(5) Survivor regions: 2->4(4)
[1.670s][info][gc,heap      ] GC(5) Old regions: 10->10
[1.670s][info][gc,heap      ] GC(5) Archive regions: 2->2
[1.670s][info][gc,heap      ] GC(5) Humongous regions: 0->0
[1.670s][info][gc,metaspace ] GC(5) Metaspace: 23794K(25344K)->23794K(25344K) NonClass: 20989K(22016K)->20989K(22016K) Class: 2804K(3328K)->2804K(3328K)
[1.670s][info][gc           ] GC(5) Pause Young (Normal) (G1 Evacuation Pause) 35M->12M(225M) 3.125ms
[1.670s][info][gc,cpu       ] GC(5) User=0.01s Sys=0.01s Real=0.00s
[2.082s][info][gc,start     ] GC(6) Pause Young (Normal) (G1 Evacuation Pause)
[2.083s][info][gc,task      ] GC(6) Using 13 workers of 13 for evacuation
[2.091s][info][gc,phases    ] GC(6)   Pre Evacuate Collection Set: 0.3ms
[2.092s][info][gc,phases    ] GC(6)   Merge Heap Roots: 0.2ms
[2.092s][info][gc,phases    ] GC(6)   Evacuate Collection Set: 6.8ms
[2.092s][info][gc,phases    ] GC(6)   Post Evacuate Collection Set: 1.5ms
[2.092s][info][gc,phases    ] GC(6)   Other: 0.6ms
[2.092s][info][gc,heap      ] GC(6) Eden regions: 131->0(124)
[2.092s][info][gc,heap      ] GC(6) Survivor regions: 4->11(17)
[2.092s][info][gc,heap      ] GC(6) Old regions: 10->10
[2.092s][info][gc,heap      ] GC(6) Archive regions: 2->2
[2.092s][info][gc,heap      ] GC(6) Humongous regions: 0->0
[2.092s][info][gc,metaspace ] GC(6) Metaspace: 33086K(35328K)->33086K(35328K) NonClass: 29107K(30720K)->29107K(30720K) Class: 3978K(4608K)->3978K(4608K)
[2.092s][info][gc           ] GC(6) Pause Young (Normal) (G1 Evacuation Pause) 143M->20M(225M) 9.363ms
[2.092s][info][gc,cpu       ] GC(6) User=0.10s Sys=0.02s Real=0.01s
[2.133s][info][gc,start     ] GC(7) Pause Young (Concurrent Start) (Metadata GC Threshold)
[2.133s][info][gc,task      ] GC(7) Using 13 workers of 13 for evacuation
[2.139s][info][gc,phases    ] GC(7)   Pre Evacuate Collection Set: 0.3ms
[2.139s][info][gc,phases    ] GC(7)   Merge Heap Roots: 0.2ms
[2.139s][info][gc,phases    ] GC(7)   Evacuate Collection Set: 4.5ms
[2.139s][info][gc,phases    ] GC(7)   Post Evacuate Collection Set: 0.9ms
[2.139s][info][gc,phases    ] GC(7)   Other: 0.2ms
[2.139s][info][gc,heap      ] GC(7) Eden regions: 11->0(126)
[2.139s][info][gc,heap      ] GC(7) Survivor regions: 11->9(17)
[2.139s][info][gc,heap      ] GC(7) Old regions: 10->13
[2.139s][info][gc,heap      ] GC(7) Archive regions: 2->2
[2.139s][info][gc,heap      ] GC(7) Humongous regions: 0->0
[2.139s][info][gc,metaspace ] GC(7) Metaspace: 33829K(36048K)->33829K(36048K) NonClass: 29776K(31440K)->29776K(31440K) Class: 4052K(4608K)->4052K(4608K)
[2.139s][info][gc           ] GC(7) Pause Young (Concurrent Start) (Metadata GC Threshold) 31M->21M(225M) 6.124ms
[2.139s][info][gc,cpu       ] GC(7) User=0.08s Sys=0.00s Real=0.01s
[2.139s][info][gc           ] GC(8) Concurrent Cycle
[2.139s][info][gc,marking   ] GC(8) Concurrent Clear Claimed Marks
[2.139s][info][gc,marking   ] GC(8) Concurrent Clear Claimed Marks 0.081ms
[2.139s][info][gc,marking   ] GC(8) Concurrent Scan Root Regions
[2.142s][info][gc,marking   ] GC(8) Concurrent Scan Root Regions 2.824ms
[2.142s][info][gc,marking   ] GC(8) Concurrent Mark (2.142s)
[2.142s][info][gc,marking   ] GC(8) Concurrent Mark From Roots
[2.142s][info][gc,task      ] GC(8) Using 3 workers of 3 for marking
[2.147s][info][gc,marking   ] GC(8) Concurrent Mark From Roots 5.212ms
[2.147s][info][gc,marking   ] GC(8) Concurrent Preclean
[2.147s][info][gc,marking   ] GC(8) Concurrent Preclean 0.086ms
[2.147s][info][gc,marking   ] GC(8) Concurrent Mark (2.142s, 2.147s) 5.343ms
[2.148s][info][gc,start     ] GC(8) Pause Remark
[2.152s][info][gc           ] GC(8) Pause Remark 23M->23M(87M) 4.152ms
[2.152s][info][gc,cpu       ] GC(8) User=0.02s Sys=0.00s Real=0.00s
[2.152s][info][gc,marking   ] GC(8) Concurrent Rebuild Remembered Sets
[2.156s][info][gc,marking   ] GC(8) Concurrent Rebuild Remembered Sets 4.319ms
[2.157s][info][gc,start     ] GC(8) Pause Cleanup
[2.157s][info][gc           ] GC(8) Pause Cleanup 24M->24M(87M) 0.310ms
[2.157s][info][gc,cpu       ] GC(8) User=0.00s Sys=0.00s Real=0.00s
[2.157s][info][gc,marking   ] GC(8) Concurrent Cleanup for Next Mark
[2.158s][info][gc,marking   ] GC(8) Concurrent Cleanup for Next Mark 0.269ms
[2.158s][info][gc           ] GC(8) Concurrent Cycle 18.682ms
[8.997s][info][gc,start     ] GC(9) Pause Young (Normal) (G1 Evacuation Pause)
[8.998s][info][gc,task      ] GC(9) Using 13 workers of 13 for evacuation
[9.003s][info][gc,phases    ] GC(9)   Pre Evacuate Collection Set: 0.2ms
[9.003s][info][gc,phases    ] GC(9)   Merge Heap Roots: 0.2ms
[9.003s][info][gc,phases    ] GC(9)   Evacuate Collection Set: 3.3ms
[9.003s][info][gc,phases    ] GC(9)   Post Evacuate Collection Set: 1.3ms
[9.003s][info][gc,phases    ] GC(9)   Other: 0.1ms
[9.003s][info][gc,heap      ] GC(9) Eden regions: 43->0(44)
[9.003s][info][gc,heap      ] GC(9) Survivor regions: 9->3(7)
[9.003s][info][gc,heap      ] GC(9) Old regions: 13->21
[9.003s][info][gc,heap      ] GC(9) Archive regions: 2->2
[9.003s][info][gc,heap      ] GC(9) Humongous regions: 0->0
[9.003s][info][gc,metaspace ] GC(9) Metaspace: 36055K(38556K)->36055K(38556K) NonClass: 31753K(33488K)->31753K(33488K) Class: 4301K(5068K)->4301K(5068K)
[9.003s][info][gc           ] GC(9) Pause Young (Normal) (G1 Evacuation Pause) 64M->22M(87M) 5.137ms
[9.003s][info][gc,cpu       ] GC(9) User=0.04s Sys=0.00s Real=0.00s
[9.251s][info][gc,task      ] GC(10) Using 7 workers of 13 for full compaction
[9.251s][info][gc,start     ] GC(10) Pause Full (System.gc())
[9.252s][info][gc,phases,start] GC(10) Phase 1: Mark live objects
[9.259s][info][gc,phases      ] GC(10) Phase 1: Mark live objects 6.776ms
[9.259s][info][gc,phases,start] GC(10) Phase 2: Prepare for compaction
[9.260s][info][gc,phases      ] GC(10) Phase 2: Prepare for compaction 1.224ms
[9.260s][info][gc,phases,start] GC(10) Phase 3: Adjust pointers
[9.264s][info][gc,phases      ] GC(10) Phase 3: Adjust pointers 3.429ms
[9.264s][info][gc,phases,start] GC(10) Phase 4: Compact heap
[9.265s][info][gc,phases      ] GC(10) Phase 4: Compact heap 1.716ms
[9.268s][info][gc,heap        ] GC(10) Eden regions: 41->0(42)
[9.268s][info][gc,heap        ] GC(10) Survivor regions: 3->0(7)
[9.268s][info][gc,heap        ] GC(10) Old regions: 21->27
[9.268s][info][gc,heap        ] GC(10) Archive regions: 2->2
[9.268s][info][gc,heap        ] GC(10) Humongous regions: 0->0
[9.268s][info][gc,metaspace   ] GC(10) Metaspace: 40656K(43164K)->40656K(43164K) NonClass: 35786K(37584K)->35786K(37584K) Class: 4870K(5580K)->4870K(5580K)
[9.268s][info][gc             ] GC(10) Pause Full (System.gc()) 63M->24M(87M) 16.862ms
[9.268s][info][gc,cpu         ] GC(10) User=0.08s Sys=0.03s Real=0.02s
[9.269s][info][gc,task        ] GC(11) Using 4 workers of 13 for full compaction
[9.269s][info][gc,start       ] GC(11) Pause Full (System.gc())
[9.270s][info][gc,phases,start] GC(11) Phase 1: Mark live objects
[9.277s][info][gc,phases      ] GC(11) Phase 1: Mark live objects 7.082ms
[9.277s][info][gc,phases,start] GC(11) Phase 2: Prepare for compaction
[9.279s][info][gc,phases      ] GC(11) Phase 2: Prepare for compaction 1.481ms
[9.279s][info][gc,phases,start] GC(11) Phase 3: Adjust pointers
[9.283s][info][gc,phases      ] GC(11) Phase 3: Adjust pointers 4.290ms
[9.283s][info][gc,phases,start] GC(11) Phase 4: Compact heap
[9.284s][info][gc,phases      ] GC(11) Phase 4: Compact heap 1.450ms
[9.287s][info][gc,heap        ] GC(11) Eden regions: 1->0(44)
[9.287s][info][gc,heap        ] GC(11) Survivor regions: 0->0(7)
[9.287s][info][gc,heap        ] GC(11) Old regions: 27->25
[9.287s][info][gc,heap        ] GC(11) Archive regions: 2->2
[9.287s][info][gc,heap        ] GC(11) Humongous regions: 0->0
[9.287s][info][gc,metaspace   ] GC(11) Metaspace: 40662K(43164K)->40662K(43164K) NonClass: 35791K(37584K)->35791K(37584K) Class: 4871K(5580K)->4871K(5580K)
[9.287s][info][gc             ] GC(11) Pause Full (System.gc()) 25M->24M(87M) 17.738ms
[9.287s][info][gc,cpu         ] GC(11) User=0.06s Sys=0.02s Real=0.02s
[10.184s][info][gc,start       ] GC(12) Pause Young (Normal) (G1 Evacuation Pause)
[10.184s][info][gc,task        ] GC(12) Using 13 workers of 13 for evacuation
[10.187s][info][gc,phases      ] GC(12)   Pre Evacuate Collection Set: 0.2ms
[10.187s][info][gc,phases      ] GC(12)   Merge Heap Roots: 0.2ms
[10.187s][info][gc,phases      ] GC(12)   Evacuate Collection Set: 1.1ms
[10.187s][info][gc,phases      ] GC(12)   Post Evacuate Collection Set: 1.3ms
[10.187s][info][gc,phases      ] GC(12)   Other: 0.1ms
[10.187s][info][gc,heap        ] GC(12) Eden regions: 44->0(41)
[10.187s][info][gc,heap        ] GC(12) Survivor regions: 0->3(6)
[10.187s][info][gc,heap        ] GC(12) Old regions: 25->25
[10.187s][info][gc,heap        ] GC(12) Archive regions: 2->2
[10.187s][info][gc,heap        ] GC(12) Humongous regions: 0->0
[10.187s][info][gc,metaspace   ] GC(12) Metaspace: 47808K(50460K)->47808K(50460K) NonClass: 42082K(43984K)->42082K(43984K) Class: 5725K(6476K)->5725K(6476K)
[10.187s][info][gc             ] GC(12) Pause Young (Normal) (G1 Evacuation Pause) 68M->26M(87M) 3.060ms
[10.187s][info][gc,cpu         ] GC(12) User=0.01s Sys=0.01s Real=0.01s
[10.414s][info][gc,start       ] GC(13) Pause Young (Normal) (G1 Evacuation Pause)
[10.414s][info][gc,task        ] GC(13) Using 13 workers of 13 for evacuation
[10.417s][info][gc,phases      ] GC(13)   Pre Evacuate Collection Set: 0.2ms
[10.417s][info][gc,phases      ] GC(13)   Merge Heap Roots: 0.2ms
[10.417s][info][gc,phases      ] GC(13)   Evacuate Collection Set: 1.6ms
[10.417s][info][gc,phases      ] GC(13)   Post Evacuate Collection Set: 1.4ms
[10.417s][info][gc,phases      ] GC(13)   Other: 0.1ms
[10.417s][info][gc,heap        ] GC(13) Eden regions: 41->0(41)
[10.417s][info][gc,heap        ] GC(13) Survivor regions: 3->4(6)
[10.417s][info][gc,heap        ] GC(13) Old regions: 25->25
[10.417s][info][gc,heap        ] GC(13) Archive regions: 2->2
[10.417s][info][gc,heap        ] GC(13) Humongous regions: 0->0
[10.417s][info][gc,metaspace   ] GC(13) Metaspace: 50551K(53276K)->50551K(53276K) NonClass: 44471K(46544K)->44471K(46544K) Class: 6080K(6732K)->6080K(6732K)
[10.417s][info][gc             ] GC(13) Pause Young (Normal) (G1 Evacuation Pause) 67M->28M(87M) 3.621ms
[10.417s][info][gc,cpu         ] GC(13) User=0.04s Sys=0.01s Real=0.01s
[11.013s][info][gc,start       ] GC(14) Pause Young (Normal) (G1 Evacuation Pause)
[11.013s][info][gc,task        ] GC(14) Using 13 workers of 13 for evacuation
[11.017s][info][gc,phases      ] GC(14)   Pre Evacuate Collection Set: 0.2ms
[11.017s][info][gc,phases      ] GC(14)   Merge Heap Roots: 0.2ms
[11.017s][info][gc,phases      ] GC(14)   Evacuate Collection Set: 1.6ms
[11.017s][info][gc,phases      ] GC(14)   Post Evacuate Collection Set: 1.3ms
[11.017s][info][gc,phases      ] GC(14)   Other: 0.1ms
[11.017s][info][gc,heap        ] GC(14) Eden regions: 41->0(37)
[11.017s][info][gc,heap        ] GC(14) Survivor regions: 4->4(6)
[11.017s][info][gc,heap        ] GC(14) Old regions: 25->28
[11.017s][info][gc,heap        ] GC(14) Archive regions: 2->2
[11.017s][info][gc,heap        ] GC(14) Humongous regions: 1->1
[11.017s][info][gc,metaspace   ] GC(14) Metaspace: 53506K(56348K)->53506K(56348K) NonClass: 47095K(49104K)->47095K(49104K) Class: 6411K(7244K)->6411K(7244K)
[11.017s][info][gc             ] GC(14) Pause Young (Normal) (G1 Evacuation Pause) 70M->31M(87M) 3.504ms
[11.017s][info][gc,cpu         ] GC(14) User=0.02s Sys=0.00s Real=0.01s
[11.237s][info][gc,start       ] GC(15) Pause Young (Normal) (G1 Evacuation Pause)
[11.237s][info][gc,task        ] GC(15) Using 13 workers of 13 for evacuation
[11.240s][info][gc,phases      ] GC(15)   Pre Evacuate Collection Set: 0.2ms
[11.240s][info][gc,phases      ] GC(15)   Merge Heap Roots: 0.2ms
[11.240s][info][gc,phases      ] GC(15)   Evacuate Collection Set: 1.4ms
[11.240s][info][gc,phases      ] GC(15)   Post Evacuate Collection Set: 1.3ms
[11.240s][info][gc,phases      ] GC(15)   Other: 0.1ms
[11.240s][info][gc,heap        ] GC(15) Eden regions: 37->0(35)
[11.240s][info][gc,heap        ] GC(15) Survivor regions: 4->5(6)
[11.240s][info][gc,heap        ] GC(15) Old regions: 28->29
[11.240s][info][gc,heap        ] GC(15) Archive regions: 2->2
[11.240s][info][gc,heap        ] GC(15) Humongous regions: 1->1
[11.240s][info][gc,metaspace   ] GC(15) Metaspace: 55645K(58780K)->55645K(58780K) NonClass: 48979K(51152K)->48979K(51152K) Class: 6665K(7628K)->6665K(7628K)
[11.240s][info][gc             ] GC(15) Pause Young (Normal) (G1 Evacuation Pause) 68M->33M(87M) 3.253ms
[11.240s][info][gc,cpu         ] GC(15) User=0.02s Sys=0.01s Real=0.00s
[11.412s][info][gc,start       ] GC(16) Pause Young (Normal) (G1 Evacuation Pause)
[11.412s][info][gc,task        ] GC(16) Using 13 workers of 13 for evacuation
[11.415s][info][gc,phases      ] GC(16)   Pre Evacuate Collection Set: 0.2ms
[11.415s][info][gc,phases      ] GC(16)   Merge Heap Roots: 0.2ms
[11.415s][info][gc,phases      ] GC(16)   Evacuate Collection Set: 1.7ms
[11.415s][info][gc,phases      ] GC(16)   Post Evacuate Collection Set: 0.9ms
[11.415s][info][gc,phases      ] GC(16)   Other: 0.1ms
[11.415s][info][gc,heap        ] GC(16) Eden regions: 35->0(35)
[11.415s][info][gc,heap        ] GC(16) Survivor regions: 5->4(5)
[11.415s][info][gc,heap        ] GC(16) Old regions: 29->31
[11.415s][info][gc,heap        ] GC(16) Archive regions: 2->2
[11.415s][info][gc,heap        ] GC(16) Humongous regions: 1->1
[11.415s][info][gc,metaspace   ] GC(16) Metaspace: 58317K(61852K)->58317K(61852K) NonClass: 51314K(53968K)->51314K(53968K) Class: 7002K(7884K)->7002K(7884K)
[11.415s][info][gc             ] GC(16) Pause Young (Normal) (G1 Evacuation Pause) 68M->34M(87M) 3.248ms
[11.416s][info][gc,cpu         ] GC(16) User=0.05s Sys=0.00s Real=0.01s
[11.553s][info][gc,start       ] GC(17) Pause Young (Normal) (G1 Evacuation Pause)
[11.553s][info][gc,task        ] GC(17) Using 13 workers of 13 for evacuation
[11.556s][info][gc,phases      ] GC(17)   Pre Evacuate Collection Set: 0.2ms
[11.556s][info][gc,phases      ] GC(17)   Merge Heap Roots: 0.2ms
[11.556s][info][gc,phases      ] GC(17)   Evacuate Collection Set: 1.4ms
[11.556s][info][gc,phases      ] GC(17)   Post Evacuate Collection Set: 1.5ms
[11.556s][info][gc,phases      ] GC(17)   Other: 0.1ms
[11.556s][info][gc,heap        ] GC(17) Eden regions: 35->0(34)
[11.556s][info][gc,heap        ] GC(17) Survivor regions: 4->3(5)
[11.556s][info][gc,heap        ] GC(17) Old regions: 31->33
[11.556s][info][gc,heap        ] GC(17) Archive regions: 2->2
[11.556s][info][gc,heap        ] GC(17) Humongous regions: 1->1
[11.556s][info][gc,metaspace   ] GC(17) Metaspace: 59817K(63388K)->59817K(63388K) NonClass: 52643K(55248K)->52643K(55248K) Class: 7173K(8140K)->7173K(8140K)
[11.556s][info][gc             ] GC(17) Pause Young (Normal) (G1 Evacuation Pause) 69M->35M(87M) 3.519ms
[11.556s][info][gc,cpu         ] GC(17) User=0.02s Sys=0.01s Real=0.01s
[12.326s][info][gc,task        ] GC(18) Using 7 workers of 13 for full compaction
[12.326s][info][gc,start       ] GC(18) Pause Full (System.gc())
[12.327s][info][gc,phases,start] GC(18) Phase 1: Mark live objects
[12.337s][info][gc,phases      ] GC(18) Phase 1: Mark live objects 9.911ms
[12.337s][info][gc,phases,start] GC(18) Phase 2: Prepare for compaction
[12.338s][info][gc,phases      ] GC(18) Phase 2: Prepare for compaction 1.375ms
[12.338s][info][gc,phases,start] GC(18) Phase 3: Adjust pointers
[12.343s][info][gc,phases      ] GC(18) Phase 3: Adjust pointers 4.561ms
[12.343s][info][gc,phases,start] GC(18) Phase 4: Compact heap
[12.345s][info][gc,phases      ] GC(18) Phase 4: Compact heap 1.677ms
[12.347s][info][gc,heap        ] GC(18) Eden regions: 18->0(33)
[12.347s][info][gc,heap        ] GC(18) Survivor regions: 3->0(5)
[12.347s][info][gc,heap        ] GC(18) Old regions: 33->37
[12.347s][info][gc,heap        ] GC(18) Archive regions: 2->2
[12.347s][info][gc,heap        ] GC(18) Humongous regions: 1->1
[12.347s][info][gc,metaspace   ] GC(18) Metaspace: 61224K(65052K)->61217K(65052K) NonClass: 53897K(56784K)->53892K(56784K) Class: 7326K(8268K)->7324K(8268K)
[12.347s][info][gc             ] GC(18) Pause Full (System.gc()) 53M->35M(87M) 21.581ms
[12.347s][info][gc,cpu         ] GC(18) User=0.12s Sys=0.01s Real=0.02s
[12.613s][info][gc,start       ] GC(19) Pause Young (Concurrent Start) (G1 Evacuation Pause)
[12.613s][info][gc,task        ] GC(19) Using 13 workers of 13 for evacuation
[12.617s][info][gc,phases      ] GC(19)   Pre Evacuate Collection Set: 0.4ms
[12.617s][info][gc,phases      ] GC(19)   Merge Heap Roots: 0.2ms
[12.617s][info][gc,phases      ] GC(19)   Evacuate Collection Set: 2.6ms
[12.617s][info][gc,phases      ] GC(19)   Post Evacuate Collection Set: 1.4ms
[12.617s][info][gc,phases      ] GC(19)   Other: 0.2ms
[12.617s][info][gc,heap        ] GC(19) Eden regions: 33->0(29)
[12.617s][info][gc,heap        ] GC(19) Survivor regions: 0->4(5)
[12.617s][info][gc,heap        ] GC(19) Old regions: 37->37
[12.617s][info][gc,heap        ] GC(19) Archive regions: 2->2
[12.617s][info][gc,heap        ] GC(19) Humongous regions: 1->1
[12.617s][info][gc,metaspace   ] GC(19) Metaspace: 62669K(66460K)->62669K(66460K) NonClass: 55296K(58064K)->55296K(58064K) Class: 7372K(8396K)->7372K(8396K)
[12.617s][info][gc             ] GC(19) Pause Young (Concurrent Start) (G1 Evacuation Pause) 68M->38M(87M) 4.705ms
[12.618s][info][gc,cpu         ] GC(19) User=0.03s Sys=0.01s Real=0.01s
[12.618s][info][gc             ] GC(20) Concurrent Cycle
[12.618s][info][gc,marking     ] GC(20) Concurrent Clear Claimed Marks
[12.618s][info][gc,marking     ] GC(20) Concurrent Clear Claimed Marks 0.118ms
[12.618s][info][gc,marking     ] GC(20) Concurrent Scan Root Regions
[12.618s][info][gc,marking     ] GC(20) Concurrent Scan Root Regions 0.712ms
[12.618s][info][gc,marking     ] GC(20) Concurrent Mark (12.618s)
[12.618s][info][gc,marking     ] GC(20) Concurrent Mark From Roots
[12.618s][info][gc,task        ] GC(20) Using 3 workers of 3 for marking
[12.635s][info][gc,marking     ] GC(20) Concurrent Mark From Roots 16.971ms
[12.635s][info][gc,marking     ] GC(20) Concurrent Preclean
[12.636s][info][gc,marking     ] GC(20) Concurrent Preclean 0.147ms
[12.636s][info][gc,marking     ] GC(20) Concurrent Mark (12.618s, 12.636s) 17.187ms
[12.636s][info][gc,start       ] GC(20) Pause Remark
[12.639s][info][gc             ] GC(20) Pause Remark 43M->43M(87M) 3.011ms
[12.639s][info][gc,cpu         ] GC(20) User=0.01s Sys=0.00s Real=0.00s
[12.639s][info][gc,marking     ] GC(20) Concurrent Rebuild Remembered Sets
[12.652s][info][gc,marking     ] GC(20) Concurrent Rebuild Remembered Sets 12.959ms
[12.653s][info][gc,start       ] GC(20) Pause Cleanup
[12.653s][info][gc             ] GC(20) Pause Cleanup 46M->46M(87M) 0.284ms
[12.653s][info][gc,cpu         ] GC(20) User=0.00s Sys=0.00s Real=0.00s
[12.653s][info][gc,marking     ] GC(20) Concurrent Cleanup for Next Mark
[12.654s][info][gc,marking     ] GC(20) Concurrent Cleanup for Next Mark 0.294ms
[12.654s][info][gc             ] GC(20) Concurrent Cycle 36.164ms
[12.738s][info][gc,start       ] GC(21) Pause Young (Normal) (G1 Evacuation Pause)
[12.738s][info][gc,task        ] GC(21) Using 13 workers of 13 for evacuation
[12.742s][info][gc,phases      ] GC(21)   Pre Evacuate Collection Set: 0.3ms
[12.742s][info][gc,phases      ] GC(21)   Merge Heap Roots: 0.2ms
[12.742s][info][gc,phases      ] GC(21)   Evacuate Collection Set: 1.5ms
[12.742s][info][gc,phases      ] GC(21)   Post Evacuate Collection Set: 1.5ms
[12.742s][info][gc,phases      ] GC(21)   Other: 0.2ms
[12.742s][info][gc,heap        ] GC(21) Eden regions: 29->0(145)
[12.742s][info][gc,heap        ] GC(21) Survivor regions: 4->1(5)
[12.742s][info][gc,heap        ] GC(21) Old regions: 37->40
[12.742s][info][gc,heap        ] GC(21) Archive regions: 2->2
[12.742s][info][gc,heap        ] GC(21) Humongous regions: 1->1
[12.742s][info][gc,metaspace   ] GC(21) Metaspace: 62745K(66716K)->62745K(66716K) NonClass: 55372K(58320K)->55372K(58320K) Class: 7372K(8396K)->7372K(8396K)
[12.742s][info][gc             ] GC(21) Pause Young (Normal) (G1 Evacuation Pause) 67M->38M(244M) 3.680ms
[12.742s][info][gc,cpu         ] GC(21) User=0.02s Sys=0.00s Real=0.00s
[13.111s][info][gc,start       ] GC(22) Pause Young (Normal) (G1 Evacuation Pause)
[13.111s][info][gc,task        ] GC(22) Using 13 workers of 13 for evacuation
[13.115s][info][gc,phases      ] GC(22)   Pre Evacuate Collection Set: 0.2ms
[13.115s][info][gc,phases      ] GC(22)   Merge Heap Roots: 0.2ms
[13.115s][info][gc,phases      ] GC(22)   Evacuate Collection Set: 2.5ms
[13.115s][info][gc,phases      ] GC(22)   Post Evacuate Collection Set: 0.9ms
[13.115s][info][gc,phases      ] GC(22)   Other: 0.2ms
[13.115s][info][gc,heap        ] GC(22) Eden regions: 145->0(144)
[13.115s][info][gc,heap        ] GC(22) Survivor regions: 1->2(19)
[13.115s][info][gc,heap        ] GC(22) Old regions: 40->40
[13.115s][info][gc,heap        ] GC(22) Archive regions: 2->2
[13.115s][info][gc,heap        ] GC(22) Humongous regions: 1->1
[13.115s][info][gc,metaspace   ] GC(22) Metaspace: 62747K(66716K)->62747K(66716K) NonClass: 55374K(58320K)->55374K(58320K) Class: 7372K(8396K)->7372K(8396K)
[13.115s][info][gc             ] GC(22) Pause Young (Normal) (G1 Evacuation Pause) 183M->39M(244M) 4.025ms
[13.115s][info][gc,cpu         ] GC(22) User=0.08s Sys=0.00s Real=0.01s
[13.367s][info][gc,start       ] GC(23) Pause Young (Normal) (G1 Evacuation Pause)
[13.367s][info][gc,task        ] GC(23) Using 13 workers of 13 for evacuation
[13.371s][info][gc,phases      ] GC(23)   Pre Evacuate Collection Set: 0.2ms
[13.371s][info][gc,phases      ] GC(23)   Merge Heap Roots: 0.2ms
[13.371s][info][gc,phases      ] GC(23)   Evacuate Collection Set: 2.7ms
[13.371s][info][gc,phases      ] GC(23)   Post Evacuate Collection Set: 0.8ms
[13.371s][info][gc,phases      ] GC(23)   Other: 0.2ms
[13.371s][info][gc,heap        ] GC(23) Eden regions: 144->0(143)
[13.371s][info][gc,heap        ] GC(23) Survivor regions: 2->3(19)
[13.371s][info][gc,heap        ] GC(23) Old regions: 40->40
[13.371s][info][gc,heap        ] GC(23) Archive regions: 2->2
[13.371s][info][gc,heap        ] GC(23) Humongous regions: 1->1
[13.371s][info][gc,metaspace   ] GC(23) Metaspace: 62752K(66716K)->62752K(66716K) NonClass: 55379K(58320K)->55379K(58320K) Class: 7372K(8396K)->7372K(8396K)
[13.371s][info][gc             ] GC(23) Pause Young (Normal) (G1 Evacuation Pause) 183M->40M(244M) 4.123ms
[13.371s][info][gc,cpu         ] GC(23) User=0.03s Sys=0.00s Real=0.00s
[13.671s][info][gc,start       ] GC(24) Pause Young (Normal) (G1 Evacuation Pause)
[13.671s][info][gc,task        ] GC(24) Using 13 workers of 13 for evacuation
[13.678s][info][gc,phases      ] GC(24)   Pre Evacuate Collection Set: 0.2ms
[13.678s][info][gc,phases      ] GC(24)   Merge Heap Roots: 0.2ms
[13.678s][info][gc,phases      ] GC(24)   Evacuate Collection Set: 3.4ms
[13.678s][info][gc,phases      ] GC(24)   Post Evacuate Collection Set: 2.9ms
[13.678s][info][gc,phases      ] GC(24)   Other: 0.2ms
[13.678s][info][gc,heap        ] GC(24) Eden regions: 143->0(136)
[13.678s][info][gc,heap        ] GC(24) Survivor regions: 3->10(19)
[13.678s][info][gc,heap        ] GC(24) Old regions: 40->40
[13.678s][info][gc,heap        ] GC(24) Archive regions: 2->2
[13.678s][info][gc,heap        ] GC(24) Humongous regions: 1->1
[13.678s][info][gc,metaspace   ] GC(24) Metaspace: 63709K(67484K)->63709K(67484K) NonClass: 56281K(59088K)->56281K(59088K) Class: 7427K(8396K)->7427K(8396K)
[13.678s][info][gc             ] GC(24) Pause Young (Normal) (G1 Evacuation Pause) 183M->47M(244M) 6.944ms
[13.678s][info][gc,cpu         ] GC(24) User=0.00s Sys=0.07s Real=0.01s
[13.920s][info][gc,start       ] GC(25) Pause Young (Normal) (G1 Evacuation Pause)
[13.920s][info][gc,task        ] GC(25) Using 13 workers of 13 for evacuation
[13.931s][info][gc,phases      ] GC(25)   Pre Evacuate Collection Set: 0.3ms
[13.931s][info][gc,phases      ] GC(25)   Merge Heap Roots: 0.2ms
[13.931s][info][gc,phases      ] GC(25)   Evacuate Collection Set: 2.5ms
[13.931s][info][gc,phases      ] GC(25)   Post Evacuate Collection Set: 7.9ms
[13.931s][info][gc,phases      ] GC(25)   Other: 0.2ms
[13.931s][info][gc,heap        ] GC(25) Eden regions: 136->0(154)
[13.931s][info][gc,heap        ] GC(25) Survivor regions: 10->19(19)
[13.931s][info][gc,heap        ] GC(25) Old regions: 40->51
[13.931s][info][gc,heap        ] GC(25) Archive regions: 2->2
[13.931s][info][gc,heap        ] GC(25) Humongous regions: 1->1
[13.931s][info][gc,metaspace   ] GC(25) Metaspace: 64660K(68636K)->64660K(68636K) NonClass: 57192K(60112K)->57192K(60112K) Class: 7467K(8524K)->7467K(8524K)
[13.931s][info][gc             ] GC(25) Pause Young (Normal) (G1 Evacuation Pause) 183M->67M(293M) 11.167ms
[13.931s][info][gc,cpu         ] GC(25) User=0.05s Sys=0.10s Real=0.01s
[14.132s][info][gc,start       ] GC(26) Pause Young (Normal) (G1 Evacuation Pause)
[14.132s][info][gc,task        ] GC(26) Using 13 workers of 13 for evacuation
[14.139s][info][gc,phases      ] GC(26)   Pre Evacuate Collection Set: 0.3ms
[14.139s][info][gc,phases      ] GC(26)   Merge Heap Roots: 0.2ms
[14.139s][info][gc,phases      ] GC(26)   Evacuate Collection Set: 2.5ms
[14.139s][info][gc,phases      ] GC(26)   Post Evacuate Collection Set: 4.3ms
[14.139s][info][gc,phases      ] GC(26)   Other: 0.2ms
[14.139s][info][gc,heap        ] GC(26) Eden regions: 154->0(133)
[14.139s][info][gc,heap        ] GC(26) Survivor regions: 19->22(22)
[14.139s][info][gc,heap        ] GC(26) Old regions: 51->64
[14.139s][info][gc,heap        ] GC(26) Archive regions: 2->2
[14.139s][info][gc,heap        ] GC(26) Humongous regions: 1->1
[14.139s][info][gc,metaspace   ] GC(26) Metaspace: 64920K(68892K)->64920K(68892K) NonClass: 57452K(60368K)->57452K(60368K) Class: 7468K(8524K)->7468K(8524K)
[14.139s][info][gc             ] GC(26) Pause Young (Normal) (G1 Evacuation Pause) 221M->83M(293M) 7.549ms
[14.139s][info][gc,cpu         ] GC(26) User=0.09s Sys=0.00s Real=0.01s
[14.287s][info][gc,start       ] GC(27) Pause Young (Normal) (G1 Evacuation Pause)
[14.287s][info][gc,task        ] GC(27) Using 13 workers of 13 for evacuation
[14.293s][info][gc,phases      ] GC(27)   Pre Evacuate Collection Set: 0.3ms
[14.293s][info][gc,phases      ] GC(27)   Merge Heap Roots: 0.2ms
[14.293s][info][gc,phases      ] GC(27)   Evacuate Collection Set: 1.8ms
[14.293s][info][gc,phases      ] GC(27)   Post Evacuate Collection Set: 4.0ms
[14.293s][info][gc,phases      ] GC(27)   Other: 0.2ms
[14.293s][info][gc,heap        ] GC(27) Eden regions: 133->0(123)
[14.293s][info][gc,heap        ] GC(27) Survivor regions: 22->20(20)
[14.293s][info][gc,heap        ] GC(27) Old regions: 64->72
[14.293s][info][gc,heap        ] GC(27) Archive regions: 2->2
[14.293s][info][gc,heap        ] GC(27) Humongous regions: 1->1
[14.293s][info][gc,metaspace   ] GC(27) Metaspace: 65304K(69148K)->65304K(69148K) NonClass: 57831K(60624K)->57831K(60624K) Class: 7473K(8524K)->7473K(8524K)
[14.293s][info][gc             ] GC(27) Pause Young (Normal) (G1 Evacuation Pause) 216M->89M(293M) 6.503ms
[14.293s][info][gc,cpu         ] GC(27) User=0.06s Sys=0.01s Real=0.00s
[14.401s][info][gc,start       ] GC(28) Pause Young (Normal) (G1 Evacuation Pause)
[14.401s][info][gc,task        ] GC(28) Using 13 workers of 13 for evacuation
[14.409s][info][gc,phases      ] GC(28)   Pre Evacuate Collection Set: 0.3ms
[14.409s][info][gc,phases      ] GC(28)   Merge Heap Roots: 0.2ms
[14.409s][info][gc,phases      ] GC(28)   Evacuate Collection Set: 1.9ms
[14.409s][info][gc,phases      ] GC(28)   Post Evacuate Collection Set: 5.1ms
[14.409s][info][gc,phases      ] GC(28)   Other: 0.2ms
[14.409s][info][gc,heap        ] GC(28) Eden regions: 123->0(118)
[14.409s][info][gc,heap        ] GC(28) Survivor regions: 20->18(18)
[14.409s][info][gc,heap        ] GC(28) Old regions: 72->78
[14.409s][info][gc,heap        ] GC(28) Archive regions: 2->2
[14.409s][info][gc,heap        ] GC(28) Humongous regions: 1->1
[14.409s][info][gc,metaspace   ] GC(28) Metaspace: 65557K(69404K)->65557K(69404K) NonClass: 58080K(60880K)->58080K(60880K) Class: 7476K(8524K)->7476K(8524K)
[14.409s][info][gc             ] GC(28) Pause Young (Normal) (G1 Evacuation Pause) 212M->93M(293M) 7.725ms
[14.409s][info][gc,cpu         ] GC(28) User=0.08s Sys=0.00s Real=0.01s
[14.511s][info][gc,start       ] GC(29) Pause Young (Normal) (G1 Evacuation Pause)
[14.511s][info][gc,task        ] GC(29) Using 13 workers of 13 for evacuation
[14.517s][info][gc,phases      ] GC(29)   Pre Evacuate Collection Set: 0.2ms
[14.517s][info][gc,phases      ] GC(29)   Merge Heap Roots: 0.2ms
[14.517s][info][gc,phases      ] GC(29)   Evacuate Collection Set: 1.7ms
[14.517s][info][gc,phases      ] GC(29)   Post Evacuate Collection Set: 4.1ms
[14.517s][info][gc,phases      ] GC(29)   Other: 0.2ms
[14.517s][info][gc,heap        ] GC(29) Eden regions: 118->0(155)
[14.517s][info][gc,heap        ] GC(29) Survivor regions: 18->17(17)
[14.517s][info][gc,heap        ] GC(29) Old regions: 78->84
[14.517s][info][gc,heap        ] GC(29) Archive regions: 2->2
[14.517s][info][gc,heap        ] GC(29) Humongous regions: 1->1
[14.517s][info][gc,metaspace   ] GC(29) Metaspace: 65795K(69660K)->65795K(69660K) NonClass: 58317K(61136K)->58317K(61136K) Class: 7477K(8524K)->7477K(8524K)
[14.517s][info][gc             ] GC(29) Pause Young (Normal) (G1 Evacuation Pause) 211M->98M(361M) 6.472ms
[14.517s][info][gc,cpu         ] GC(29) User=0.07s Sys=0.00s Real=0.01s
[14.662s][info][gc,start       ] GC(30) Pause Young (Normal) (G1 Evacuation Pause)
[14.663s][info][gc,task        ] GC(30) Using 13 workers of 13 for evacuation
[14.669s][info][gc,phases      ] GC(30)   Pre Evacuate Collection Set: 0.3ms
[14.669s][info][gc,phases      ] GC(30)   Merge Heap Roots: 0.2ms
[14.669s][info][gc,phases      ] GC(30)   Evacuate Collection Set: 1.4ms
[14.669s][info][gc,phases      ] GC(30)   Post Evacuate Collection Set: 4.5ms
[14.669s][info][gc,phases      ] GC(30)   Other: 0.2ms
[14.669s][info][gc,heap        ] GC(30) Eden regions: 155->0(146)
[14.669s][info][gc,heap        ] GC(30) Survivor regions: 17->22(22)
[14.669s][info][gc,heap        ] GC(30) Old regions: 84->92
[14.669s][info][gc,heap        ] GC(30) Archive regions: 2->2
[14.669s][info][gc,heap        ] GC(30) Humongous regions: 1->1
[14.669s][info][gc,metaspace   ] GC(30) Metaspace: 66089K(69916K)->66089K(69916K) NonClass: 58610K(61392K)->58610K(61392K) Class: 7478K(8524K)->7478K(8524K)
[14.669s][info][gc             ] GC(30) Pause Young (Normal) (G1 Evacuation Pause) 253M->111M(361M) 6.644ms
[14.669s][info][gc,cpu         ] GC(30) User=0.07s Sys=0.00s Real=0.01s
[14.773s][info][gc,start       ] GC(31) Pause Young (Normal) (G1 Evacuation Pause)
[14.773s][info][gc,task        ] GC(31) Using 13 workers of 13 for evacuation
[14.779s][info][gc,phases      ] GC(31)   Pre Evacuate Collection Set: 0.2ms
[14.779s][info][gc,phases      ] GC(31)   Merge Heap Roots: 0.2ms
[14.779s][info][gc,phases      ] GC(31)   Evacuate Collection Set: 1.5ms
[14.779s][info][gc,phases      ] GC(31)   Post Evacuate Collection Set: 4.0ms
[14.779s][info][gc,phases      ] GC(31)   Other: 0.2ms
[14.779s][info][gc,heap        ] GC(31) Eden regions: 146->0(140)
[14.779s][info][gc,heap        ] GC(31) Survivor regions: 22->21(21)
[14.779s][info][gc,heap        ] GC(31) Old regions: 92->100
[14.779s][info][gc,heap        ] GC(31) Archive regions: 2->2
[14.779s][info][gc,heap        ] GC(31) Humongous regions: 1->1
[14.779s][info][gc,metaspace   ] GC(31) Metaspace: 66368K(70172K)->66368K(70172K) NonClass: 58884K(61648K)->58884K(61648K) Class: 7483K(8524K)->7483K(8524K)
[14.779s][info][gc             ] GC(31) Pause Young (Normal) (G1 Evacuation Pause) 257M->118M(361M) 6.157ms
[14.779s][info][gc,cpu         ] GC(31) User=0.06s Sys=0.01s Real=0.01s
[14.858s][info][gc,start       ] GC(32) Pause Young (Normal) (G1 Evacuation Pause)
[14.858s][info][gc,task        ] GC(32) Using 13 workers of 13 for evacuation
[14.864s][info][gc,phases      ] GC(32)   Pre Evacuate Collection Set: 0.3ms
[14.864s][info][gc,phases      ] GC(32)   Merge Heap Roots: 0.2ms
[14.864s][info][gc,phases      ] GC(32)   Evacuate Collection Set: 1.3ms
[14.864s][info][gc,phases      ] GC(32)   Post Evacuate Collection Set: 3.7ms
[14.864s][info][gc,phases      ] GC(32)   Other: 0.2ms
[14.864s][info][gc,heap        ] GC(32) Eden regions: 140->0(134)
[14.864s][info][gc,heap        ] GC(32) Survivor regions: 21->21(21)
[14.864s][info][gc,heap        ] GC(32) Old regions: 100->108
[14.864s][info][gc,heap        ] GC(32) Archive regions: 2->2
[14.864s][info][gc,heap        ] GC(32) Humongous regions: 1->1
[14.864s][info][gc,metaspace   ] GC(32) Metaspace: 66512K(70428K)->66512K(70428K) NonClass: 59028K(61904K)->59028K(61904K) Class: 7483K(8524K)->7483K(8524K)
[14.864s][info][gc             ] GC(32) Pause Young (Normal) (G1 Evacuation Pause) 258M->126M(361M) 5.687ms
[14.864s][info][gc,cpu         ] GC(32) User=0.05s Sys=0.01s Real=0.00s
[14.941s][info][gc,start       ] GC(33) Pause Young (Normal) (G1 Evacuation Pause)
[14.941s][info][gc,task        ] GC(33) Using 13 workers of 13 for evacuation
[14.946s][info][gc,phases      ] GC(33)   Pre Evacuate Collection Set: 0.2ms
[14.946s][info][gc,phases      ] GC(33)   Merge Heap Roots: 0.2ms
[14.946s][info][gc,phases      ] GC(33)   Evacuate Collection Set: 1.3ms
[14.946s][info][gc,phases      ] GC(33)   Post Evacuate Collection Set: 3.9ms
[14.946s][info][gc,phases      ] GC(33)   Other: 0.2ms
[14.946s][info][gc,heap        ] GC(33) Eden regions: 134->0(189)
[14.946s][info][gc,heap        ] GC(33) Survivor regions: 21->20(20)
[14.946s][info][gc,heap        ] GC(33) Old regions: 108->114
[14.946s][info][gc,heap        ] GC(33) Archive regions: 2->2
[14.946s][info][gc,heap        ] GC(33) Humongous regions: 1->1
[14.946s][info][gc,metaspace   ] GC(33) Metaspace: 66572K(70428K)->66572K(70428K) NonClass: 59088K(61904K)->59088K(61904K) Class: 7483K(8524K)->7483K(8524K)
[14.946s][info][gc             ] GC(33) Pause Young (Normal) (G1 Evacuation Pause) 260M->131M(457M) 5.853ms
[14.946s][info][gc,cpu         ] GC(33) User=0.03s Sys=0.01s Real=0.01s
[15.055s][info][gc,start       ] GC(34) Pause Young (Normal) (G1 Evacuation Pause)
[15.055s][info][gc,task        ] GC(34) Using 13 workers of 13 for evacuation
[15.062s][info][gc,phases      ] GC(34)   Pre Evacuate Collection Set: 0.3ms
[15.062s][info][gc,phases      ] GC(34)   Merge Heap Roots: 0.2ms
[15.062s][info][gc,phases      ] GC(34)   Evacuate Collection Set: 1.5ms
[15.062s][info][gc,phases      ] GC(34)   Post Evacuate Collection Set: 5.2ms
[15.062s][info][gc,phases      ] GC(34)   Other: 0.2ms
[15.062s][info][gc,heap        ] GC(34) Eden regions: 189->0(174)
[15.062s][info][gc,heap        ] GC(34) Survivor regions: 20->27(27)
[15.062s][info][gc,heap        ] GC(34) Old regions: 114->124
[15.062s][info][gc,heap        ] GC(34) Archive regions: 2->2
[15.062s][info][gc,heap        ] GC(34) Humongous regions: 1->1
[15.062s][info][gc,metaspace   ] GC(34) Metaspace: 66594K(70428K)->66594K(70428K) NonClass: 59110K(61904K)->59110K(61904K) Class: 7483K(8524K)->7483K(8524K)
[15.062s][info][gc             ] GC(34) Pause Young (Normal) (G1 Evacuation Pause) 320M->148M(457M) 7.434ms
[15.063s][info][gc,cpu         ] GC(34) User=0.06s Sys=0.01s Real=0.01s
[15.156s][info][gc,start       ] GC(35) Pause Young (Normal) (G1 Evacuation Pause)
[15.156s][info][gc,task        ] GC(35) Using 13 workers of 13 for evacuation
[15.164s][info][gc,phases      ] GC(35)   Pre Evacuate Collection Set: 0.3ms
[15.164s][info][gc,phases      ] GC(35)   Merge Heap Roots: 0.2ms
[15.164s][info][gc,phases      ] GC(35)   Evacuate Collection Set: 1.8ms
[15.164s][info][gc,phases      ] GC(35)   Post Evacuate Collection Set: 5.0ms
[15.164s][info][gc,phases      ] GC(35)   Other: 0.2ms
[15.164s][info][gc,heap        ] GC(35) Eden regions: 174->0(169)
[15.164s][info][gc,heap        ] GC(35) Survivor regions: 27->26(26)
[15.164s][info][gc,heap        ] GC(35) Old regions: 124->134
[15.164s][info][gc,heap        ] GC(35) Archive regions: 2->2
[15.164s][info][gc,heap        ] GC(35) Humongous regions: 1->1
[15.164s][info][gc,metaspace   ] GC(35) Metaspace: 66635K(70428K)->66635K(70428K) NonClass: 59150K(61904K)->59150K(61904K) Class: 7484K(8524K)->7484K(8524K)
[15.164s][info][gc             ] GC(35) Pause Young (Normal) (G1 Evacuation Pause) 322M->157M(457M) 7.564ms
[15.164s][info][gc,cpu         ] GC(35) User=0.06s Sys=0.01s Real=0.00s
[15.253s][info][gc,start       ] GC(36) Pause Young (Normal) (GCLocker Initiated GC)
[15.253s][info][gc,task        ] GC(36) Using 13 workers of 13 for evacuation
[15.260s][info][gc,phases      ] GC(36)   Pre Evacuate Collection Set: 0.3ms
[15.260s][info][gc,phases      ] GC(36)   Merge Heap Roots: 0.2ms
[15.260s][info][gc,phases      ] GC(36)   Evacuate Collection Set: 1.6ms
[15.260s][info][gc,phases      ] GC(36)   Post Evacuate Collection Set: 4.7ms
[15.260s][info][gc,phases      ] GC(36)   Other: 0.2ms
[15.260s][info][gc,heap        ] GC(36) Eden regions: 169->0(166)
[15.260s][info][gc,heap        ] GC(36) Survivor regions: 26->25(25)
[15.260s][info][gc,heap        ] GC(36) Old regions: 134->142
[15.260s][info][gc,heap        ] GC(36) Archive regions: 2->2
[15.260s][info][gc,heap        ] GC(36) Humongous regions: 1->1
[15.260s][info][gc,metaspace   ] GC(36) Metaspace: 66643K(70428K)->66643K(70428K) NonClass: 59158K(61904K)->59158K(61904K) Class: 7484K(8524K)->7484K(8524K)
[15.260s][info][gc             ] GC(36) Pause Young (Normal) (GCLocker Initiated GC) 326M->164M(457M) 6.975ms
[15.260s][info][gc,cpu         ] GC(36) User=0.08s Sys=0.01s Real=0.01s
[15.343s][info][gc,start       ] GC(37) Pause Young (Normal) (G1 Evacuation Pause)
[15.343s][info][gc,task        ] GC(37) Using 13 workers of 13 for evacuation
[15.351s][info][gc,phases      ] GC(37)   Pre Evacuate Collection Set: 0.3ms
[15.351s][info][gc,phases      ] GC(37)   Merge Heap Roots: 0.2ms
[15.351s][info][gc,phases      ] GC(37)   Evacuate Collection Set: 1.7ms
[15.351s][info][gc,phases      ] GC(37)   Post Evacuate Collection Set: 5.3ms
[15.351s][info][gc,phases      ] GC(37)   Other: 0.2ms
[15.351s][info][gc,heap        ] GC(37) Eden regions: 166->0(317)
[15.351s][info][gc,heap        ] GC(37) Survivor regions: 25->24(24)
[15.351s][info][gc,heap        ] GC(37) Old regions: 142->150
[15.351s][info][gc,heap        ] GC(37) Archive regions: 2->2
[15.351s][info][gc,heap        ] GC(37) Humongous regions: 1->1
[15.351s][info][gc,metaspace   ] GC(37) Metaspace: 66647K(70428K)->66647K(70428K) NonClass: 59163K(61904K)->59163K(61904K) Class: 7484K(8524K)->7484K(8524K)
[15.351s][info][gc             ] GC(37) Pause Young (Normal) (G1 Evacuation Pause) 330M->171M(702M) 7.766ms
[15.351s][info][gc,cpu         ] GC(37) User=0.09s Sys=0.02s Real=0.01s
[15.578s][info][gc,start       ] GC(38) Pause Young (Normal) (G1 Evacuation Pause)
[15.578s][info][gc,task        ] GC(38) Using 13 workers of 13 for evacuation
[15.590s][info][gc,phases      ] GC(38)   Pre Evacuate Collection Set: 0.3ms
[15.590s][info][gc,phases      ] GC(38)   Merge Heap Roots: 0.2ms
[15.590s][info][gc,phases      ] GC(38)   Evacuate Collection Set: 2.0ms
[15.590s][info][gc,phases      ] GC(38)   Post Evacuate Collection Set: 9.0ms
[15.590s][info][gc,phases      ] GC(38)   Other: 0.2ms
[15.590s][info][gc,heap        ] GC(38) Eden regions: 317->0(269)
[15.590s][info][gc,heap        ] GC(38) Survivor regions: 24->43(43)
[15.590s][info][gc,heap        ] GC(38) Old regions: 150->168
[15.590s][info][gc,heap        ] GC(38) Archive regions: 2->2
[15.590s][info][gc,heap        ] GC(38) Humongous regions: 1->1
[15.590s][info][gc,metaspace   ] GC(38) Metaspace: 66652K(70428K)->66652K(70428K) NonClass: 59167K(61904K)->59167K(61904K) Class: 7484K(8524K)->7484K(8524K)
[15.590s][info][gc             ] GC(38) Pause Young (Normal) (G1 Evacuation Pause) 488M->208M(702M) 11.763ms
[15.590s][info][gc,cpu         ] GC(38) User=0.15s Sys=0.00s Real=0.01s
[15.729s][info][gc,start       ] GC(39) Pause Young (Normal) (G1 Evacuation Pause)
[15.729s][info][gc,task        ] GC(39) Using 13 workers of 13 for evacuation
[15.738s][info][gc,phases      ] GC(39)   Pre Evacuate Collection Set: 0.2ms
[15.738s][info][gc,phases      ] GC(39)   Merge Heap Roots: 0.2ms
[15.738s][info][gc,phases      ] GC(39)   Evacuate Collection Set: 1.8ms
[15.738s][info][gc,phases      ] GC(39)   Post Evacuate Collection Set: 6.7ms
[15.738s][info][gc,phases      ] GC(39)   Other: 0.2ms
[15.738s][info][gc,heap        ] GC(39) Eden regions: 269->0(268)
[15.738s][info][gc,heap        ] GC(39) Survivor regions: 43->39(39)
[15.738s][info][gc,heap        ] GC(39) Old regions: 168->181
[15.738s][info][gc,heap        ] GC(39) Archive regions: 2->2
[15.738s][info][gc,heap        ] GC(39) Humongous regions: 1->1
[15.738s][info][gc,metaspace   ] GC(39) Metaspace: 66718K(70428K)->66718K(70428K) NonClass: 59220K(61904K)->59220K(61904K) Class: 7497K(8524K)->7497K(8524K)
[15.738s][info][gc             ] GC(39) Pause Young (Normal) (G1 Evacuation Pause) 477M->217M(702M) 9.115ms
[15.738s][info][gc,cpu         ] GC(39) User=0.10s Sys=0.00s Real=0.01s
[15.867s][info][gc,start       ] GC(40) Pause Young (Normal) (G1 Evacuation Pause)
[15.867s][info][gc,task        ] GC(40) Using 13 workers of 13 for evacuation
[15.876s][info][gc,phases      ] GC(40)   Pre Evacuate Collection Set: 0.3ms
[15.876s][info][gc,phases      ] GC(40)   Merge Heap Roots: 0.2ms
[15.876s][info][gc,phases      ] GC(40)   Evacuate Collection Set: 1.9ms
[15.876s][info][gc,phases      ] GC(40)   Post Evacuate Collection Set: 6.6ms
[15.876s][info][gc,phases      ] GC(40)   Other: 0.2ms
[15.876s][info][gc,heap        ] GC(40) Eden regions: 268->0(265)
[15.876s][info][gc,heap        ] GC(40) Survivor regions: 39->39(39)
[15.876s][info][gc,heap        ] GC(40) Old regions: 181->194
[15.876s][info][gc,heap        ] GC(40) Archive regions: 2->2
[15.876s][info][gc,heap        ] GC(40) Humongous regions: 1->1
[15.876s][info][gc,metaspace   ] GC(40) Metaspace: 66733K(70428K)->66733K(70428K) NonClass: 59233K(61904K)->59233K(61904K) Class: 7499K(8524K)->7499K(8524K)
[15.876s][info][gc             ] GC(40) Pause Young (Normal) (G1 Evacuation Pause) 485M->230M(702M) 9.212ms
[15.876s][info][gc,cpu         ] GC(40) User=0.08s Sys=0.02s Real=0.01s
[16.009s][info][gc,start       ] GC(41) Pause Young (Normal) (G1 Evacuation Pause)
[16.009s][info][gc,task        ] GC(41) Using 13 workers of 13 for evacuation
[16.020s][info][gc,phases      ] GC(41)   Pre Evacuate Collection Set: 0.3ms
[16.020s][info][gc,phases      ] GC(41)   Merge Heap Roots: 0.2ms
[16.020s][info][gc,phases      ] GC(41)   Evacuate Collection Set: 1.8ms
[16.020s][info][gc,phases      ] GC(41)   Post Evacuate Collection Set: 9.1ms
[16.020s][info][gc,phases      ] GC(41)   Other: 0.2ms
[16.020s][info][gc,heap        ] GC(41) Eden regions: 265->0(602)
[16.020s][info][gc,heap        ] GC(41) Survivor regions: 39->38(38)
[16.020s][info][gc,heap        ] GC(41) Old regions: 194->208
[16.020s][info][gc,heap        ] GC(41) Archive regions: 2->2
[16.020s][info][gc,heap        ] GC(41) Humongous regions: 1->1
[16.020s][info][gc,metaspace   ] GC(41) Metaspace: 66733K(70428K)->66733K(70428K) NonClass: 59233K(61904K)->59233K(61904K) Class: 7499K(8524K)->7499K(8524K)
[16.020s][info][gc             ] GC(41) Pause Young (Normal) (G1 Evacuation Pause) 495M->243M(1273M) 11.699ms
[16.020s][info][gc,cpu         ] GC(41) User=0.11s Sys=0.00s Real=0.01s
[16.408s][info][gc,start       ] GC(42) Pause Young (Normal) (G1 Evacuation Pause)
[16.408s][info][gc,task        ] GC(42) Using 13 workers of 13 for evacuation
[16.426s][info][gc,phases      ] GC(42)   Pre Evacuate Collection Set: 0.2ms
[16.426s][info][gc,phases      ] GC(42)   Merge Heap Roots: 0.2ms
[16.426s][info][gc,phases      ] GC(42)   Evacuate Collection Set: 2.7ms
[16.426s][info][gc,phases      ] GC(42)   Post Evacuate Collection Set: 14.8ms
[16.426s][info][gc,phases      ] GC(42)   Other: 0.3ms
[16.426s][info][gc,heap        ] GC(42) Eden regions: 602->0(516)
[16.426s][info][gc,heap        ] GC(42) Survivor regions: 38->80(80)
[16.426s][info][gc,heap        ] GC(42) Old regions: 208->243
[16.426s][info][gc,heap        ] GC(42) Archive regions: 2->2
[16.426s][info][gc,heap        ] GC(42) Humongous regions: 1->1
[16.426s][info][gc,metaspace   ] GC(42) Metaspace: 66747K(70428K)->66747K(70428K) NonClass: 59247K(61904K)->59247K(61904K) Class: 7499K(8524K)->7499K(8524K)
[16.426s][info][gc             ] GC(42) Pause Young (Normal) (G1 Evacuation Pause) 845M->320M(1273M) 18.222ms
[16.426s][info][gc,cpu         ] GC(42) User=0.25s Sys=0.01s Real=0.02s
[16.753s][info][gc,heap,exit   ] Heap
[16.753s][info][gc,heap,exit   ]  garbage-first heap   total 1303552K, used 686937K [0x0000000670000000, 0x0000000800000000)
[16.753s][info][gc,heap,exit   ]   region size 1024K, 432 young (442368K), 80 survivors (81920K)
[16.753s][info][gc,heap,exit   ]  Metaspace       used 66880K, capacity 70476K, committed 70684K, reserved 1112064K
[16.753s][info][gc,heap,exit   ]   class space    used 7504K, capacity 8473K, committed 8524K, reserved 1048576K
